C:/Users/arvyd/Desktop/STMProjects/PMR_Signalo_Matuoklis/Middlewares/Third_Party/lvgl-9.2.2/src/core/../misc/lv_style.h:561:20:lv_style_set_pad_all	16	static
../Core/Src/main.c:394:5:main	8	static
../Core/Src/main.c:472:6:SystemClock_Config	88	static
../Core/Src/main.c:519:13:MX_ADC1_Init	24	static
../Core/Src/main.c:581:13:MX_SPI3_Init	8	static
../Core/Src/main.c:619:13:MX_TIM7_Init	16	static
../Core/Src/main.c:657:13:MX_TIM10_Init	8	static
../Core/Src/main.c:688:13:MX_TIM11_Init	8	static
../Core/Src/main.c:719:13:MX_TIM13_Init	8	static
../Core/Src/main.c:750:13:MX_TIM14_Init	8	static
../Core/Src/main.c:781:13:MX_USART2_UART_Init	8	static
../Core/Src/main.c:812:13:MX_DMA_Init	16	static
../Core/Src/main.c:837:13:MX_GPIO_Init	48	static
../Core/Src/main.c:898:6:lcd_color_transfer_ready_cb	16	static
../Core/Src/main.c:907:16:lcd_io_init	8	static
../Core/Src/main.c:925:13:lcd_send_cmd	24	static
../Core/Src/main.c:950:13:lcd_send_color	24	static
../Core/Src/main.c:975:6:LVGL_Task	32	static
../Core/Src/main.c:1014:6:ui_init	72	static
../Core/Src/main.c:1141:6:Process_GNGGA_Sentence	112	static
../Core/Src/main.c:1216:5:char_to_Int	16	static
../Core/Src/main.c:1220:6:HAL_UART_RxCpltCallback	16	static
../Core/Src/main.c:1226:6:HAL_GPIO_EXTI_Callback	16	static
../Core/Src/main.c:1259:6:HAL_ADC_ConvCpltCallback	24	static
../Core/Src/main.c:1283:6:update_Labels	40	static
../Core/Src/main.c:1372:6:set_Value	8	static
../Core/Src/main.c:1378:6:Calculate_Signal_Level_in_dBm	32	static
../Core/Src/main.c:1430:6:HAL_TIM_PeriodElapsedCallback	16	static
../Core/Src/main.c:1464:6:Error_Handler	4	static,ignoring_inline_asm
